// Jest Snapshot v1, https://goo.gl/fbAQLP

exports[`Dashboard Options with student login should match the snapshot 1`] = `"<a href=\\"/\\"><div class=\\"options-container\\"><div class=\\"dashboard-option\\"><a href=\\"/browse\\"><div class=\\"option-text\\">Browse</div><img src=\\"square.png\\" alt=\\"\\"></a></div><div class=\\"dashboard-option\\"><a href=\\"/saved-questions\\"><div class=\\"option-text\\">Saved Questions</div><img src=\\"square.png\\" alt=\\"\\"></a></div></div></a>"`;
