// Jest Snapshot v1, https://goo.gl/fbAQLP

exports[`Header component - teacher links should match the snapshot 1`] = `"<div class=\\"navbar navbar-expand-lg navbar-dark bg-primary\\"><a class=\\"navbar-brand\\" href=\\"/\\">GCSE Repo</a><div class=\\"collapse navbar-collapse\\" id=\\"navbarColor01\\"><ul class=\\"navbar-nav mr-auto\\"><li class=\\"nav-item active\\"><a class=\\"nav-link\\" href=\\"/dashboard\\">DASHBOARD<span class=\\"sr-only\\">(current)</span></a></li><li class=\\"nav-item active\\"><a class=\\"nav-link\\" href=\\"/browse\\">BROWSE<span class=\\"sr-only\\">(current)</span></a></li><li class=\\"nav-item active\\"><a class=\\"nav-link\\" href=\\"/upload\\">UPLOAD<span class=\\"sr-only\\">(current)</span></a></li><li class=\\"nav-item active\\"><a class=\\"nav-link\\" href=\\"/dashboard\\">SIGN OUT<span class=\\"sr-only\\">(current)</span></a></li><li class=\\"nav-item active\\"><a class=\\"nav-link\\" href=\\"/\\">ABOUT <span class=\\"sr-only\\">(current)</span></a></li></ul></div></div>"`;
